Microchip MPLAB XC8 Compiler V1.44 ()

Linker command line:

-W-3 --edf=C:\Program Files (x86)\Microchip\xc8\v1.44\dat\en_msgs.txt -cs \
  -h+dist/default/production\FlexRadio_Power_Diagnostic.production.sym \
  --cmf=dist/default/production\FlexRadio_Power_Diagnostic.production.cmf \
  -z -Q18F47K40 -oC:\Users\treyj\AppData\Local\Temp\s1fk.2 \
  -Mdist/default/production/FlexRadio_Power_Diagnostic.production.map -E1 \
  -ver=XC8 -ASTACK=0FCh-0e87h -pstack=STACK -ACODE=00h-01FFFFh \
  -ACONST=00h-01FFFFh -ASMALLCONST=0F00h-0FFFhx497 \
  -AMEDIUMCONST=0F00h-0FFFFh,010F00h-01FFFFh -ACOMRAM=01h-05Fh \
  -AABS1=00h-0E87h -ABIGRAM=01h-0E87h \
  -ARAM=060h-0FFh,0100h-01FFhx13,0E00h-0E87h -ABANK0=060h-0FFh \
  -ABANK1=0100h-01FFh -ABANK2=0200h-02FFh -ABANK3=0300h-03FFh \
  -ABANK4=0400h-04FFh -ABANK5=0500h-05FFh -ABANK6=0600h-06FFh \
  -ABANK7=0700h-07FFh -ABANK8=0800h-08FFh -ABANK9=0900h-09FFh \
  -ABANK10=0A00h-0AFFh -ABANK11=0B00h-0BFFh -ABANK12=0C00h-0CFFh \
  -ABANK13=0D00h-0DFFh -ABANK14=0E00h-0E87h \
  -ASFR=0E8Dh-0EFFh,0F00h-0F5Fh,0F60h-0FFFh \
  -preset_vec=00h,intcode,intcodelo,powerup,init -pramtop=0F00h \
  -psmallconst=SMALLCONST -pmediumconst=MEDIUMCONST -pconst=CONST \
  -AFARRAM=00h-00h -ACONFIG=0300000h-030000Bh -pconfig=CONFIG \
  -AIDLOC=0200000h-020000Fh -pidloc=IDLOC -AEEDATA=0310000h-03103FFh \
  -peeprom_data=EEDATA \
  -prdata=COMRAM,nvrram=COMRAM,nvbit=COMRAM,rbss=COMRAM,rbit=COMRAM \
  -pfarbss=FARRAM,fardata=FARRAM,nvFARRAM=FARRAM \
  -pintsave_regs=BIGRAM,bigbss=BIGRAM,bigdata=BIGRAM -pbss=RAM \
  -pidata=CODE,irdata=CODE,ibigdata=CODE,ifardata=CODE -prparam=COMRAM \
  C:\Users\treyj\AppData\Local\Temp\s1fk.obj \
  dist/default/production\FlexRadio_Power_Diagnostic.production.obj 

Object code version is 3.11

Machine type is 18F47K40

Call graph: (short form)




                Name                               Link     Load   Length Selector   Space Scale
C:\Users\treyj\AppData\Local\Temp\s1fk.obj
                init                                  0        0        4        0       0
                idloc                            200000   200000       10   200000       0
                config                           300000   300000        C   300000       0
dist/default/production\FlexRadio_Power_Diagnostic.production.obj
                text11                            1F770    1F770       6E     FBB8       0
                text10                            1F62A    1F62A       14     FB15       0
                text9                             1F604    1F604        C     FB02       0
                text8                             1F610    1F610        C     FB08       0
                text7                             1F912    1F912       D6     FC89       0
                text6                             1F716    1F716       5A     FB8B       0
                text5                             1F6C6    1F6C6       50     FB63       0
                text4                             1F63E    1F63E       18     FB1F       0
                text3                             1F7DE    1F7DE       98     FBEF       0
                text2                             1F61C    1F61C        E     FB0E       0
                text1                             1F656    1F656       26     FB2B       0
                text0                             1F9E8    1F9E8      618     FCF4       0
                cstackCOMRAM                          1        1        D        1       1
                dataBANK0                            60       60       9C       60       1
                dataCOMRAM                           18       18        2        1       1
                bssCOMRAM                             E        E        A        1       1
                cinit                             1F67C    1F67C       4A     FB3E       0
                idataBANK0                        1F876    1F876       9C    1F876       0
                idataCOMRAM                       1F602    1F602        2    1F602       0

TOTAL           Name                               Link     Load   Length     Space
        CLASS   STACK          

        CLASS   CODE           
                init                                  0        0        4         0
                text11                            1F770    1F770       6E         0
                text10                            1F62A    1F62A       14         0
                text9                             1F604    1F604        C         0
                text8                             1F610    1F610        C         0
                text7                             1F912    1F912       D6         0
                text6                             1F716    1F716       5A         0
                text5                             1F6C6    1F6C6       50         0
                text4                             1F63E    1F63E       18         0
                text3                             1F7DE    1F7DE       98         0
                text2                             1F61C    1F61C        E         0
                text1                             1F656    1F656       26         0
                text0                             1F9E8    1F9E8      618         0
                cinit                             1F67C    1F67C       4A         0
                idataBANK0                        1F876    1F876       9C         0
                idataCOMRAM                       1F602    1F602        2         0

        CLASS   CONST          

        CLASS   SMALLCONST     

        CLASS   MEDIUMCONST    

        CLASS   COMRAM         
                cstackCOMRAM                          1        1        D         1
                dataCOMRAM                           18       18        2         1
                bssCOMRAM                             E        E        A         1

        CLASS   ABS1           

        CLASS   BIGRAM         

        CLASS   RAM            

        CLASS   BANK0          
                dataBANK0                            60       60       9C         1

        CLASS   BANK1          

        CLASS   BANK2          

        CLASS   BANK3          

        CLASS   BANK4          

        CLASS   BANK5          

        CLASS   BANK6          

        CLASS   BANK7          

        CLASS   BANK8          

        CLASS   BANK9          

        CLASS   BANK10         

        CLASS   BANK11         

        CLASS   BANK12         

        CLASS   BANK13         

        CLASS   BANK14         

        CLASS   SFR            

        CLASS   FARRAM         

        CLASS   CONFIG         
                config                           300000   300000        C         0

        CLASS   IDLOC          
                idloc                            200000   200000       10         0

        CLASS   EEDATA         



SEGMENTS        Name                           Load    Length   Top    Selector   Space  Class

                reset_vec                      000000  000004  000004         0       0  CODE    
                cstackCOMRAM                   000001  000019  00001A         1       1  COMRAM  
                dataBANK0                      000060  00009C  0000FC        60       1  BANK0   
                idataCOMRAM                    01F602  000002  01F604     1F602       0  CODE    
                text9                          01F604  00000C  01F610      FB02       0  CODE    
                text8                          01F610  00000C  01F61C      FB08       0  CODE    
                text2                          01F61C  00000E  01F62A      FB0E       0  CODE    
                text10                         01F62A  000014  01F63E      FB15       0  CODE    
                text4                          01F63E  000018  01F656      FB1F       0  CODE    
                text1                          01F656  000026  01F67C      FB2B       0  CODE    
                cinit                          01F67C  00004A  01F6C6      FB3E       0  CODE    
                text5                          01F6C6  000050  01F716      FB63       0  CODE    
                text6                          01F716  00005A  01F770      FB8B       0  CODE    
                text11                         01F770  00006E  01F7DE      FBB8       0  CODE    
                text3                          01F7DE  000098  01F876      FBEF       0  CODE    
                idataBANK0                     01F876  00009C  01F912     1F876       0  CODE    
                text7                          01F912  0000D6  01F9E8      FC89       0  CODE    
                text0                          01F9E8  000618  020000      FCF4       0  CODE    
                idloc                          200000  000010  200010    200000       0  IDLOC   
                config                         300000  00000C  30000C    300000       0  CONFIG  


UNUSED ADDRESS RANGES

        Name                Unused          Largest block    Delta
        BANK0            0000FC-0000FF                4
        BANK1            000100-0001FF              100
        BANK10           000A00-000AFF              100
        BANK11           000B00-000BFF              100
        BANK12           000C00-000CFF              100
        BANK13           000D00-000DFF              100
        BANK14           000E00-000E87               88
        BANK2            000200-0002FF              100
        BANK3            000300-0003FF              100
        BANK4            000400-0004FF              100
        BANK5            000500-0005FF              100
        BANK6            000600-0006FF              100
        BANK7            000700-0007FF              100
        BANK8            000800-0008FF              100
        BANK9            000900-0009FF              100
        BIGRAM           00001A-00005F               46
                         0000FC-000E87              D8C
        CODE             000004-01F601            1F5FE
        COMRAM           00001A-00005F               46
        CONST            000004-01F601            1F5FE
        EEDATA           310000-3103FF              400
        MEDIUMCONST      000F00-00FFFF             F100
                         010F00-01F601             E702
        RAM              0000FC-000E87              100
        SFR              000E8D-000FFF               73
        SMALLCONST       000F00-01F601              100
        STACK            0000FC-000E87              D8C

                                  Symbol Table

?_ADCC_GetConversionResult         cstackCOMRAM 000001
?___wmul                           cstackCOMRAM 000001
ADCC_StartConversion@channel       cstackCOMRAM 000001
LED_Value@channel                  cstackCOMRAM 00000B
LED_Value@high                     cstackCOMRAM 000007
LED_Value@low                      cstackCOMRAM 000009
PIN_MANAGER_Initialize@state       cstackCOMRAM 000001
_ADACCH                            (abs)        000F71
_ADACCL                            (abs)        000F70
_ADACQ                             (abs)        000F5C
_ADACT                             (abs)        000F56
_ADACTPPSbits                      (abs)        000EAE
_ADCAP                             (abs)        000F5D
_ADCC_GetConversionResult          text10       01F62A
_ADCC_Initialize                   text5        01F6C6
_ADCC_IsConversionDone             text9        01F604
_ADCC_StartConversion              text8        01F610
_ADCLK                             (abs)        000F57
_ADCNT                             (abs)        000F67
_ADCON0                            (abs)        000F60
_ADCON0bits                        (abs)        000F60
_ADCON1                            (abs)        000F59
_ADCON1bits                        (abs)        000F59
_ADCON2                            (abs)        000F5A
_ADCON2bits                        (abs)        000F5A
_ADCON3                            (abs)        000F5B
_ADCON3bits                        (abs)        000F5B
_ADERRH                            (abs)        000F6F
_ADERRL                            (abs)        000F6E
_ADFLTRH                           (abs)        000F73
_ADFLTRL                           (abs)        000F72
_ADLTHH                            (abs)        000F6B
_ADLTHL                            (abs)        000F6A
_ADPCH                             (abs)        000F5F
_ADPRE                             (abs)        000F5E
_ADPREVH                           (abs)        000F62
_ADPREVL                           (abs)        000F61
_ADREF                             (abs)        000F58
_ADRESH                            (abs)        000F64
_ADRESL                            (abs)        000F63
_ADRPT                             (abs)        000F66
_ADSTAT                            (abs)        000F65
_ADSTATbits                        (abs)        000F65
_ADSTPTH                           (abs)        000F69
_ADSTPTL                           (abs)        000F68
_ADUTHH                            (abs)        000F6D
_ADUTHL                            (abs)        000F6C
_ANSELA                            (abs)        000F11
_ANSELAbits                        (abs)        000F11
_ANSELB                            (abs)        000F19
_ANSELC                            (abs)        000F21
_ANSELD                            (abs)        000F26
_ANSELE                            (abs)        000F2E
_Board_High                        dataBANK0    0000AE
_Board_Init                        text11       01F770
_Board_Low                         dataBANK0    000060
_Board_Select_Value                text7        01F912
_GIE                               (abs)        007F97
_LATA                              (abs)        000F83
_LATB                              (abs)        000F84
_LATBbits                          (abs)        000F84
_LATC                              (abs)        000F85
_LATCbits                          (abs)        000F85
_LATD                              (abs)        000F86
_LATDbits                          (abs)        000F86
_LATE                              (abs)        000F87
_LED_Value                         text6        01F716
_ODCONA                            (abs)        000F0F
_ODCONB                            (abs)        000F17
_ODCONC                            (abs)        000F1F
_ODCOND                            (abs)        000F24
_ODCONE                            (abs)        000F2C
_OSCCON1                           (abs)        000ED8
_OSCCON3                           (abs)        000EDA
_OSCEN                             (abs)        000EDC
_OSCFRQ                            (abs)        000EDE
_OSCILLATOR_Initialize             text4        01F63E
_OSCTUNE                           (abs)        000EDD
_PIN_MANAGER_Initialize            text3        01F7DE
_PPSLOCK                           (abs)        000EA0
_PPSLOCKbits                       (abs)        000EA0
_SYSTEM_Initialize                 text2        01F61C
_TRISA                             (abs)        000F88
_TRISAbits                         (abs)        000F88
_TRISB                             (abs)        000F89
_TRISBbits                         (abs)        000F89
_TRISC                             (abs)        000F8A
_TRISCbits                         (abs)        000F8A
_TRISD                             (abs)        000F8B
_TRISDbits                         (abs)        000F8B
_TRISE                             (abs)        000F8C
_WPUA                              (abs)        000F10
_WPUB                              (abs)        000F18
_WPUC                              (abs)        000F20
_WPUD                              (abs)        000F25
_WPUE                              (abs)        000F2D
__CFG_BOREN$SBORDIS                (abs)        000000
__CFG_BORV$VBOR_2P45               (abs)        000000
__CFG_CLKOUTEN$OFF                 (abs)        000000
__CFG_CP$OFF                       (abs)        000000
__CFG_CPD$OFF                      (abs)        000000
__CFG_CSWEN$ON                     (abs)        000000
__CFG_DEBUG$OFF                    (abs)        000000
__CFG_EBTR0$OFF                    (abs)        000000
__CFG_EBTR1$OFF                    (abs)        000000
__CFG_EBTR2$OFF                    (abs)        000000
__CFG_EBTR3$OFF                    (abs)        000000
__CFG_EBTR4$OFF                    (abs)        000000
__CFG_EBTR5$OFF                    (abs)        000000
__CFG_EBTR6$OFF                    (abs)        000000
__CFG_EBTR7$OFF                    (abs)        000000
__CFG_EBTRB$OFF                    (abs)        000000
__CFG_FCMEN$ON                     (abs)        000000
__CFG_FEXTOSC$OFF                  (abs)        000000
__CFG_LPBOREN$OFF                  (abs)        000000
__CFG_LVP$ON                       (abs)        000000
__CFG_MCLRE$EXTMCLR                (abs)        000000
__CFG_PPS1WAY$ON                   (abs)        000000
__CFG_PWRTE$OFF                    (abs)        000000
__CFG_RSTOSC$EXTOSC                (abs)        000000
__CFG_SCANE$ON                     (abs)        000000
__CFG_STVREN$ON                    (abs)        000000
__CFG_WDTCCS$SC                    (abs)        000000
__CFG_WDTCPS$WDTCPS_31             (abs)        000000
__CFG_WDTCWS$WDTCWS_7              (abs)        000000
__CFG_WDTE$OFF                     (abs)        000000
__CFG_WRT0$OFF                     (abs)        000000
__CFG_WRT1$OFF                     (abs)        000000
__CFG_WRT2$OFF                     (abs)        000000
__CFG_WRT3$OFF                     (abs)        000000
__CFG_WRT4$OFF                     (abs)        000000
__CFG_WRT5$OFF                     (abs)        000000
__CFG_WRT6$OFF                     (abs)        000000
__CFG_WRT7$OFF                     (abs)        000000
__CFG_WRTB$OFF                     (abs)        000000
__CFG_WRTC$OFF                     (abs)        000000
__CFG_WRTD$OFF                     (abs)        000000
__CFG_XINST$OFF                    (abs)        000000
__CFG_ZCD$OFF                      (abs)        000000
__HRAM                             (abs)        000000
__Habs1                            abs1         000000
__Hbank0                           bank0        000000
__Hbank1                           bank1        000000
__Hbank10                          bank10       000000
__Hbank11                          bank11       000000
__Hbank12                          bank12       000000
__Hbank13                          bank13       000000
__Hbank14                          bank14       000000
__Hbank2                           bank2        000000
__Hbank3                           bank3        000000
__Hbank4                           bank4        000000
__Hbank5                           bank5        000000
__Hbank6                           bank6        000000
__Hbank7                           bank7        000000
__Hbank8                           bank8        000000
__Hbank9                           bank9        000000
__Hbigbss                          bigbss       000000
__Hbigdata                         bigdata      000000
__Hbigram                          bigram       000000
__Hbss                             bss          000000
__HbssCOMRAM                       bssCOMRAM    000000
__Hcinit                           cinit        000000
__Hclrtext                         clrtext      000000
__Hcomram                          comram       000000
__Hconfig                          config       30000C
__Hconst                           const        000000
__HcstackCOMRAM                    cstackCOMRAM 000000
__Hdata                            data         000000
__HdataBANK0                       dataBANK0    000000
__HdataCOMRAM                      dataCOMRAM   000000
__Heeprom_data                     eeprom_data  000000
__Hfarbss                          farbss       000000
__Hfardata                         fardata      000000
__Hibigdata                        ibigdata     000000
__Hidata                           idata        000000
__HidataBANK0                      idataBANK0   000000
__HidataCOMRAM                     idataCOMRAM  000000
__Hidloc                           idloc        200010
__Hifardata                        ifardata     000000
__Hinit                            init         000004
__Hintcode                         intcode      000000
__Hintcode_body                    intcode_body 000000
__Hintcodelo                       intcodelo    000000
__Hintentry                        intentry     000000
__Hintret                          intret       000000
__Hintsave_regs                    intsave_regs 000000
__Hirdata                          irdata       000000
__Hmediumconst                     mediumconst  000000
__HnvFARRAM                        nvFARRAM     000000
__Hnvbit                           nvbit        000000
__Hnvrram                          nvrram       000000
__Hparam                           rparam       000000
__Hpowerup                         powerup      000000
__Hram                             ram          000000
__Hramtop                          ramtop       000F00
__Hrbit                            rbit         000000
__Hrbss                            rbss         000000
__Hrdata                           rdata        000000
__Hreset_vec                       reset_vec    000000
__Hrparam                          rparam       000000
__Hsfr                             sfr          000000
__Hsmallconst                      smallconst   000000
__Hspace_0                         (abs)        30000C
__Hspace_1                         (abs)        0000FC
__Hspace_2                         (abs)        000000
__Hstack                           stack        000000
__Hstruct                          struct       000000
__Htemp                            temp         000000
__Htext                            text         000000
__Htext0                           text0        000000
__Htext1                           text1        000000
__Htext10                          text10       000000
__Htext11                          text11       000000
__Htext2                           text2        000000
__Htext3                           text3        000000
__Htext4                           text4        000000
__Htext5                           text5        000000
__Htext6                           text6        000000
__Htext7                           text7        000000
__Htext8                           text8        000000
__Htext9                           text9        000000
__LRAM                             (abs)        000001
__Labs1                            abs1         000000
__Lbank0                           bank0        000000
__Lbank1                           bank1        000000
__Lbank10                          bank10       000000
__Lbank11                          bank11       000000
__Lbank12                          bank12       000000
__Lbank13                          bank13       000000
__Lbank14                          bank14       000000
__Lbank2                           bank2        000000
__Lbank3                           bank3        000000
__Lbank4                           bank4        000000
__Lbank5                           bank5        000000
__Lbank6                           bank6        000000
__Lbank7                           bank7        000000
__Lbank8                           bank8        000000
__Lbank9                           bank9        000000
__Lbigbss                          bigbss       000000
__Lbigdata                         bigdata      000000
__Lbigram                          bigram       000000
__Lbss                             bss          000000
__LbssCOMRAM                       bssCOMRAM    000000
__Lcinit                           cinit        000000
__Lclrtext                         clrtext      000000
__Lcomram                          comram       000000
__Lconfig                          config       300000
__Lconst                           const        000000
__LcstackCOMRAM                    cstackCOMRAM 000000
__Ldata                            data         000000
__LdataBANK0                       dataBANK0    000000
__LdataCOMRAM                      dataCOMRAM   000000
__Leeprom_data                     eeprom_data  000000
__Lfarbss                          farbss       000000
__Lfardata                         fardata      000000
__Libigdata                        ibigdata     000000
__Lidata                           idata        000000
__LidataBANK0                      idataBANK0   000000
__LidataCOMRAM                     idataCOMRAM  000000
__Lidloc                           idloc        200000
__Lifardata                        ifardata     000000
__Linit                            init         000000
__Lintcode                         intcode      000000
__Lintcode_body                    intcode_body 000000
__Lintcodelo                       intcodelo    000000
__Lintentry                        intentry     000000
__Lintret                          intret       000000
__Lintsave_regs                    intsave_regs 000000
__Lirdata                          irdata       000000
__Lmediumconst                     mediumconst  000000
__LnvFARRAM                        nvFARRAM     000000
__Lnvbit                           nvbit        000000
__Lnvrram                          nvrram       000000
__Lparam                           rparam       000000
__Lpowerup                         powerup      000000
__Lram                             ram          000000
__Lramtop                          ramtop       000F00
__Lrbit                            rbit         000000
__Lrbss                            rbss         000000
__Lrdata                           rdata        000000
__Lreset_vec                       reset_vec    000000
__Lrparam                          rparam       000000
__Lsfr                             sfr          000000
__Lsmallconst                      smallconst   000000
__Lspace_0                         (abs)        000000
__Lspace_1                         (abs)        000000
__Lspace_2                         (abs)        000000
__Lstack                           stack        000000
__Lstruct                          struct       000000
__Ltemp                            temp         000000
__Ltext                            text         000000
__Ltext0                           text0        000000
__Ltext1                           text1        000000
__Ltext10                          text10       000000
__Ltext11                          text11       000000
__Ltext2                           text2        000000
__Ltext3                           text3        000000
__Ltext4                           text4        000000
__Ltext5                           text5        000000
__Ltext6                           text6        000000
__Ltext7                           text7        000000
__Ltext8                           text8        000000
__Ltext9                           text9        000000
__S0                               (abs)        30000C
__S1                               (abs)        0000FC
__S2                               (abs)        000000
___inthi_sp                        stack        000000
___intlo_sp                        stack        000000
___param_bank                      (abs)        000000
___rparam_used                     (abs)        000001
___sp                              stack        000000
___wmul                            text1        01F656
___wmul@multiplicand               cstackCOMRAM 000003
___wmul@multiplier                 cstackCOMRAM 000001
___wmul@product                    cstackCOMRAM 000005
__accesstop                        (abs)        000060
__activetblptr                     (abs)        000000
__end_of_ADCC_GetConversionResult  text10       01F63E
__end_of_ADCC_Initialize           text5        01F716
__end_of_ADCC_IsConversionDone     text9        01F610
__end_of_ADCC_StartConversion      text8        01F61C
__end_of_Board_Init                text11       01F7DE
__end_of_Board_Select_Value        text7        01F9E8
__end_of_LED_Value                 text6        01F770
__end_of_OSCILLATOR_Initialize     text4        01F656
__end_of_PIN_MANAGER_Initialize    text3        01F876
__end_of_SYSTEM_Initialize         text2        01F62A
__end_of___wmul                    text1        01F67C
__end_of__initialization           cinit        01F6C0
__end_of_main                      text0        020000
__initialization                   cinit        01F67C
__mediumconst                      mediumconst  000000
__pbssCOMRAM                       bssCOMRAM    00000E
__pcinit                           cinit        01F67C
__pcstackCOMRAM                    cstackCOMRAM 000001
__pdataBANK0                       dataBANK0    000060
__pdataCOMRAM                      dataCOMRAM   000018
__pidataBANK0                      idataBANK0   01F876
__pidataCOMRAM                     idataCOMRAM  01F602
__ptext0                           text0        01F9E8
__ptext1                           text1        01F656
__ptext10                          text10       01F62A
__ptext11                          text11       01F770
__ptext2                           text2        01F61C
__ptext3                           text3        01F7DE
__ptext4                           text4        01F63E
__ptext5                           text5        01F6C6
__ptext6                           text6        01F716
__ptext7                           text7        01F912
__ptext8                           text8        01F610
__ptext9                           text9        01F604
__ramtop                           ramtop       000F00
__size_of_ADCC_GetConversionResult (abs)        000000
__size_of_ADCC_Initialize          (abs)        000000
__size_of_ADCC_IsConversionDone    (abs)        000000
__size_of_ADCC_StartConversion     (abs)        000000
__size_of_Board_Init               (abs)        000000
__size_of_Board_Select_Value       (abs)        000000
__size_of_LED_Value                (abs)        000000
__size_of_OSCILLATOR_Initialize    (abs)        000000
__size_of_PIN_MANAGER_Initialize   (abs)        000000
__size_of_SYSTEM_Initialize        (abs)        000000
__size_of___wmul                   (abs)        000000
__size_of_main                     (abs)        000000
__smallconst                       smallconst   000000
_board                             bssCOMRAM    000014
_board_select                      bssCOMRAM    000016
_green                             bssCOMRAM    00000E
_light                             bssCOMRAM    000010
_main                              text0        01F9E8
_red                               dataCOMRAM   000018
_result                            bssCOMRAM    000012
end_of_initialization              cinit        01F6C0
intlevel0                          text         000000
intlevel1                          text         000000
intlevel2                          text         000000
intlevel3                          text         000000
stackhi                            (abs)        000E87
stacklo                            (abs)        0000FC
start                              init         000000
start_initialization               cinit        01F67C


FUNCTION INFORMATION:

 *************** function _main *****************
 Defined at:
		line 112 in file "main.c"
 Parameters:    Size  Location     Type
		None
 Auto vars:     Size  Location     Type
		None
 Return value:  Size  Location     Type
                  1    wreg      void 
 Registers used:
		wreg, fsr2l, fsr2h, status,2, status,0, prodl, prodh, cstack
 Tracked objects:
		On entry : 
		On exit  : 
		Unchanged: 
 Data sizes:     COMRAM   BANK0   BANK1   BANK2   BANK3   BANK4   BANK5   BANK6   BANK7   BANK8   BANK9  BANK10  BANK11  BANK12  BANK13  BANK14
      Params:         0       0       0       0       0       0       0       0       0       0       0       0       0       0       0       0
      Locals:         0       0       0       0       0       0       0       0       0       0       0       0       0       0       0       0
      Temps:          1       0       0       0       0       0       0       0       0       0       0       0       0       0       0       0
      Totals:         1       0       0       0       0       0       0       0       0       0       0       0       0       0       0       0
Total ram usage:        1 bytes
 Hardware stack levels required when called:    2
 This function calls:
		_ADCC_Initialize
		_Board_Init
		_Board_Select_Value
		_LED_Value
		_SYSTEM_Initialize
		___wmul
 This function is called by:
		Startup code after reset
 This function uses a non-reentrant model


 *************** function ___wmul *****************
 Defined at:
		line 15 in file "C:\Program Files (x86)\Microchip\xc8\v1.44\sources\common\Umul16.c"
 Parameters:    Size  Location     Type
  multiplier      2    0[COMRAM] unsigned int 
  multiplicand    2    2[COMRAM] unsigned int 
 Auto vars:     Size  Location     Type
  product         2    4[COMRAM] unsigned int 
 Return value:  Size  Location     Type
                  2    0[COMRAM] unsigned int 
 Registers used:
		wreg, status,2, status,0, prodl, prodh
 Tracked objects:
		On entry : 
		On exit  : 
		Unchanged: 
 Data sizes:     COMRAM   BANK0   BANK1   BANK2   BANK3   BANK4   BANK5   BANK6   BANK7   BANK8   BANK9  BANK10  BANK11  BANK12  BANK13  BANK14
      Params:         4       0       0       0       0       0       0       0       0       0       0       0       0       0       0       0
      Locals:         2       0       0       0       0       0       0       0       0       0       0       0       0       0       0       0
      Temps:          0       0       0       0       0       0       0       0       0       0       0       0       0       0       0       0
      Totals:         6       0       0       0       0       0       0       0       0       0       0       0       0       0       0       0
Total ram usage:        6 bytes
 Hardware stack levels used:    1
 This function calls:
		Nothing
 This function is called by:
		_main
 This function uses a non-reentrant model


 *************** function _SYSTEM_Initialize *****************
 Defined at:
		line 115 in file "mcc_generated_files/mcc.c"
 Parameters:    Size  Location     Type
		None
 Auto vars:     Size  Location     Type
		None
 Return value:  Size  Location     Type
                  1    wreg      void 
 Registers used:
		wreg, status,2, cstack
 Tracked objects:
		On entry : 
		On exit  : 
		Unchanged: 
 Data sizes:     COMRAM   BANK0   BANK1   BANK2   BANK3   BANK4   BANK5   BANK6   BANK7   BANK8   BANK9  BANK10  BANK11  BANK12  BANK13  BANK14
      Params:         0       0       0       0       0       0       0       0       0       0       0       0       0       0       0       0
      Locals:         0       0       0       0       0       0       0       0       0       0       0       0       0       0       0       0
      Temps:          0       0       0       0       0       0       0       0       0       0       0       0       0       0       0       0
      Totals:         0       0       0       0       0       0       0       0       0       0       0       0       0       0       0       0
Total ram usage:        0 bytes
 Hardware stack levels used:    1
 Hardware stack levels required when called:    1
 This function calls:
		_ADCC_Initialize
		_OSCILLATOR_Initialize
		_PIN_MANAGER_Initialize
 This function is called by:
		_main
 This function uses a non-reentrant model


 *************** function _PIN_MANAGER_Initialize *****************
 Defined at:
		line 52 in file "mcc_generated_files/pin_manager.c"
 Parameters:    Size  Location     Type
		None
 Auto vars:     Size  Location     Type
  state           1    0[COMRAM] unsigned char 
 Return value:  Size  Location     Type
                  1    wreg      void 
 Registers used:
		wreg, status,2
 Tracked objects:
		On entry : 
		On exit  : 
		Unchanged: 
 Data sizes:     COMRAM   BANK0   BANK1   BANK2   BANK3   BANK4   BANK5   BANK6   BANK7   BANK8   BANK9  BANK10  BANK11  BANK12  BANK13  BANK14
      Params:         0       0       0       0       0       0       0       0       0       0       0       0       0       0       0       0
      Locals:         1       0       0       0       0       0       0       0       0       0       0       0       0       0       0       0
      Temps:          0       0       0       0       0       0       0       0       0       0       0       0       0       0       0       0
      Totals:         1       0       0       0       0       0       0       0       0       0       0       0       0       0       0       0
Total ram usage:        1 bytes
 Hardware stack levels used:    1
 This function calls:
		Nothing
 This function is called by:
		_SYSTEM_Initialize
 This function uses a non-reentrant model


 *************** function _OSCILLATOR_Initialize *****************
 Defined at:
		line 123 in file "mcc_generated_files/mcc.c"
 Parameters:    Size  Location     Type
		None
 Auto vars:     Size  Location     Type
		None
 Return value:  Size  Location     Type
                  1    wreg      void 
 Registers used:
		wreg, status,2
 Tracked objects:
		On entry : 
		On exit  : 
		Unchanged: 
 Data sizes:     COMRAM   BANK0   BANK1   BANK2   BANK3   BANK4   BANK5   BANK6   BANK7   BANK8   BANK9  BANK10  BANK11  BANK12  BANK13  BANK14
      Params:         0       0       0       0       0       0       0       0       0       0       0       0       0       0       0       0
      Locals:         0       0       0       0       0       0       0       0       0       0       0       0       0       0       0       0
      Temps:          0       0       0       0       0       0       0       0       0       0       0       0       0       0       0       0
      Totals:         0       0       0       0       0       0       0       0       0       0       0       0       0       0       0       0
Total ram usage:        0 bytes
 Hardware stack levels used:    1
 This function calls:
		Nothing
 This function is called by:
		_SYSTEM_Initialize
 This function uses a non-reentrant model


 *************** function _ADCC_Initialize *****************
 Defined at:
		line 61 in file "mcc_generated_files/adcc.c"
 Parameters:    Size  Location     Type
		None
 Auto vars:     Size  Location     Type
		None
 Return value:  Size  Location     Type
                  1    wreg      void 
 Registers used:
		wreg, status,2
 Tracked objects:
		On entry : 
		On exit  : 
		Unchanged: 
 Data sizes:     COMRAM   BANK0   BANK1   BANK2   BANK3   BANK4   BANK5   BANK6   BANK7   BANK8   BANK9  BANK10  BANK11  BANK12  BANK13  BANK14
      Params:         0       0       0       0       0       0       0       0       0       0       0       0       0       0       0       0
      Locals:         0       0       0       0       0       0       0       0       0       0       0       0       0       0       0       0
      Temps:          0       0       0       0       0       0       0       0       0       0       0       0       0       0       0       0
      Totals:         0       0       0       0       0       0       0       0       0       0       0       0       0       0       0       0
Total ram usage:        0 bytes
 Hardware stack levels used:    1
 This function calls:
		Nothing
 This function is called by:
		_SYSTEM_Initialize
		_main
 This function uses a non-reentrant model


 *************** function _LED_Value *****************
 Defined at:
		line 45 in file "main.c"
 Parameters:    Size  Location     Type
  high            2    6[COMRAM] int 
  low             2    8[COMRAM] int 
  channel         1   10[COMRAM] enum E11635
 Auto vars:     Size  Location     Type
		None
 Return value:  Size  Location     Type
                  1    wreg      unsigned char 
 Registers used:
		wreg, status,2, status,0, cstack
 Tracked objects:
		On entry : 
		On exit  : 
		Unchanged: 
 Data sizes:     COMRAM   BANK0   BANK1   BANK2   BANK3   BANK4   BANK5   BANK6   BANK7   BANK8   BANK9  BANK10  BANK11  BANK12  BANK13  BANK14
      Params:         5       0       0       0       0       0       0       0       0       0       0       0       0       0       0       0
      Locals:         0       0       0       0       0       0       0       0       0       0       0       0       0       0       0       0
      Temps:          1       0       0       0       0       0       0       0       0       0       0       0       0       0       0       0
      Totals:         6       0       0       0       0       0       0       0       0       0       0       0       0       0       0       0
Total ram usage:        6 bytes
 Hardware stack levels used:    1
 Hardware stack levels required when called:    1
 This function calls:
		_ADCC_GetConversionResult
		_ADCC_IsConversionDone
		_ADCC_StartConversion
 This function is called by:
		_main
 This function uses a non-reentrant model


 *************** function _Board_Select_Value *****************
 Defined at:
		line 19 in file "main.c"
 Parameters:    Size  Location     Type
		None
 Auto vars:     Size  Location     Type
		None
 Return value:  Size  Location     Type
                  2  286[None  ] int 
 Registers used:
		wreg, status,2, status,0, cstack
 Tracked objects:
		On entry : 
		On exit  : 
		Unchanged: 
 Data sizes:     COMRAM   BANK0   BANK1   BANK2   BANK3   BANK4   BANK5   BANK6   BANK7   BANK8   BANK9  BANK10  BANK11  BANK12  BANK13  BANK14
      Params:         0       0       0       0       0       0       0       0       0       0       0       0       0       0       0       0
      Locals:         0       0       0       0       0       0       0       0       0       0       0       0       0       0       0       0
      Temps:          2       0       0       0       0       0       0       0       0       0       0       0       0       0       0       0
      Totals:         2       0       0       0       0       0       0       0       0       0       0       0       0       0       0       0
Total ram usage:        2 bytes
 Hardware stack levels used:    1
 Hardware stack levels required when called:    1
 This function calls:
		_ADCC_GetConversionResult
		_ADCC_IsConversionDone
		_ADCC_StartConversion
 This function is called by:
		_main
 This function uses a non-reentrant model


 *************** function _ADCC_StartConversion *****************
 Defined at:
		line 107 in file "mcc_generated_files/adcc.c"
 Parameters:    Size  Location     Type
  channel         1    wreg     enum E11631
 Auto vars:     Size  Location     Type
  channel         1    0[COMRAM] enum E11631
 Return value:  Size  Location     Type
                  1    wreg      void 
 Registers used:
		wreg
 Tracked objects:
		On entry : 
		On exit  : 
		Unchanged: 
 Data sizes:     COMRAM   BANK0   BANK1   BANK2   BANK3   BANK4   BANK5   BANK6   BANK7   BANK8   BANK9  BANK10  BANK11  BANK12  BANK13  BANK14
      Params:         0       0       0       0       0       0       0       0       0       0       0       0       0       0       0       0
      Locals:         1       0       0       0       0       0       0       0       0       0       0       0       0       0       0       0
      Temps:          0       0       0       0       0       0       0       0       0       0       0       0       0       0       0       0
      Totals:         1       0       0       0       0       0       0       0       0       0       0       0       0       0       0       0
Total ram usage:        1 bytes
 Hardware stack levels used:    1
 This function calls:
		Nothing
 This function is called by:
		_Board_Select_Value
		_LED_Value
 This function uses a non-reentrant model


 *************** function _ADCC_IsConversionDone *****************
 Defined at:
		line 119 in file "mcc_generated_files/adcc.c"
 Parameters:    Size  Location     Type
		None
 Auto vars:     Size  Location     Type
		None
 Return value:  Size  Location     Type
                  1    wreg      unsigned char 
 Registers used:
		wreg
 Tracked objects:
		On entry : 
		On exit  : 
		Unchanged: 
 Data sizes:     COMRAM   BANK0   BANK1   BANK2   BANK3   BANK4   BANK5   BANK6   BANK7   BANK8   BANK9  BANK10  BANK11  BANK12  BANK13  BANK14
      Params:         0       0       0       0       0       0       0       0       0       0       0       0       0       0       0       0
      Locals:         0       0       0       0       0       0       0       0       0       0       0       0       0       0       0       0
      Temps:          0       0       0       0       0       0       0       0       0       0       0       0       0       0       0       0
      Totals:         0       0       0       0       0       0       0       0       0       0       0       0       0       0       0       0
Total ram usage:        0 bytes
 Hardware stack levels used:    1
 This function calls:
		Nothing
 This function is called by:
		_Board_Select_Value
		_LED_Value
 This function uses a non-reentrant model


 *************** function _ADCC_GetConversionResult *****************
 Defined at:
		line 125 in file "mcc_generated_files/adcc.c"
 Parameters:    Size  Location     Type
		None
 Auto vars:     Size  Location     Type
		None
 Return value:  Size  Location     Type
                  2    0[COMRAM] unsigned int 
 Registers used:
		wreg, status,2, status,0
 Tracked objects:
		On entry : 
		On exit  : 
		Unchanged: 
 Data sizes:     COMRAM   BANK0   BANK1   BANK2   BANK3   BANK4   BANK5   BANK6   BANK7   BANK8   BANK9  BANK10  BANK11  BANK12  BANK13  BANK14
      Params:         2       0       0       0       0       0       0       0       0       0       0       0       0       0       0       0
      Locals:         0       0       0       0       0       0       0       0       0       0       0       0       0       0       0       0
      Temps:          2       0       0       0       0       0       0       0       0       0       0       0       0       0       0       0
      Totals:         4       0       0       0       0       0       0       0       0       0       0       0       0       0       0       0
Total ram usage:        4 bytes
 Hardware stack levels used:    1
 This function calls:
		Nothing
 This function is called by:
		_Board_Select_Value
		_LED_Value
 This function uses a non-reentrant model


 *************** function _Board_Init *****************
 Defined at:
		line 60 in file "main.c"
 Parameters:    Size  Location     Type
		None
 Auto vars:     Size  Location     Type
		None
 Return value:  Size  Location     Type
                  1    wreg      void 
 Registers used:
		wreg, status,2, status,0
 Tracked objects:
		On entry : 
		On exit  : 
		Unchanged: 
 Data sizes:     COMRAM   BANK0   BANK1   BANK2   BANK3   BANK4   BANK5   BANK6   BANK7   BANK8   BANK9  BANK10  BANK11  BANK12  BANK13  BANK14
      Params:         0       0       0       0       0       0       0       0       0       0       0       0       0       0       0       0
      Locals:         0       0       0       0       0       0       0       0       0       0       0       0       0       0       0       0
      Temps:          0       0       0       0       0       0       0       0       0       0       0       0       0       0       0       0
      Totals:         0       0       0       0       0       0       0       0       0       0       0       0       0       0       0       0
Total ram usage:        0 bytes
 Hardware stack levels used:    1
 This function calls:
		Nothing
 This function is called by:
		_main
 This function uses a non-reentrant model



MODULE INFORMATION

Module		Function		Class		Link	Load	Size
mcc_generated_files/pin_manager.c
		_PIN_MANAGER_Initialize		CODE           	1F7DE	0000	153

mcc_generated_files/pin_manager.c estimated size: 153

C:\Program Files (x86)\Microchip\xc8\v1.44\sources\common\Umul16.c
		___wmul        		CODE           	1F656	0000	39

C:\Program Files (x86)\Microchip\xc8\v1.44\sources\common\Umul16.c estimated size: 39

shared
		__initialization		CODE           	1F67C	0000	69

shared estimated size: 69

mcc_generated_files/mcc.c
		_OSCILLATOR_Initialize		CODE           	1F63E	0000	25
		_SYSTEM_Initialize		CODE           	1F61C	0000	15

mcc_generated_files/mcc.c estimated size: 40

mcc_generated_files/adcc.c
		_ADCC_GetConversionResult		CODE           	1F62A	0000	21
		_ADCC_StartConversion		CODE           	1F610	0000	13
		_ADCC_Initialize		CODE           	1F6C6	0000	81
		_ADCC_IsConversionDone		CODE           	1F604	0000	13

mcc_generated_files/adcc.c estimated size: 128

main.c
		_Board_Init    		CODE           	1F770	0000	111
		_main          		CODE           	1F9E8	0000	1561
		_Board_Select_Value		CODE           	1F912	0000	215
		_LED_Value     		CODE           	1F716	0000	91

main.c estimated size: 1978

